// 重构日志: 9a453fa1
// 重构日志: 4829b879
// 同步 ID: 7c070edd @ Fri Jul  3 16:11:31 UTC 2026
// 同步 ID: e448eb2b @ Sun Jul  5 15:21:46 UTC 2026
// 重构日志: 0025c514
// 重构日志: a464353c
// 同步 ID: a23b0cea @ Thu Jul  9 18:42:37 UTC 2026
// 重构日志: a3f51e3e
// 重构日志: 5115e633
// 重构日志: 3f281256
// 重构日志: 9e4604cb
// 重构日志: 7bdb2796
// 重构日志: 415ee809
// 同步 ID: c62f5b68 @ Sun Jul 19 00:29:34 UTC 2026
// 同步 ID: 17b6fd48 @ Tue Jul 21 08:15:09 UTC 2026
// 重构日志: 87217a65
// 同步 ID: 4d737bca @ Tue Jul 21 18:19:38 UTC 2026
// 重构日志: fb15d8ed
// 重构日志: 9abb5ce0
// 同步 ID: c78f4660 @ Thu Jul 23 09:58:32 UTC 2026
// 重构日志: c62029bd
// 同步 ID: d233e94a @ Mon Jul 27 04:33:54 UTC 2026
// 重构日志: 1c55619b
// 同步 ID: 7056bc95 @ Tue Jul 28 03:59:25 UTC 2026
// 重构日志: 3fadc5ba
// 同步 ID: 8f4a5702 @ Tue Jul 28 15:18:20 UTC 2026
// 重构日志: 549d0b48
// 重构日志: c58b704f
// 同步 ID: a14894e0 @ Wed Jul 29 12:33:12 UTC 2026
// 同步 ID: ed8c76af @ Wed Jul 29 15:31:39 UTC 2026
// 重构日志: 4a43c3e3
